îº§ gdb a.out
GNU gdb (Ubuntu 8.1.1-0ubuntu1) 8.1.1
Copyright (C) 2018 Free Software Foundation, Inc.
License GPLv3+: GNU GPL version 3 or later <http://gnu.org/licenses/gpl.html>
This is free software: you are free to change and redistribute it.
There is NO WARRANTY, to the extent permitted by law.  Type "show copying"
and "show warranty" for details.
This GDB was configured as "x86_64-linux-gnu".
Type "show configuration" for configuration details.
For bug reporting instructions, please see:
<http://www.gnu.org/software/gdb/bugs/>.
Find the GDB manual and other documentation resources online at:
<http://www.gnu.org/software/gdb/documentation/>.
For help, type "help".
Type "apropos word" to search for commands related to "word"...
Reading symbols from a.out...done.
(gdb) b  main
Breakpoint 1 at 0x80b: file p2final.c, line 30.
(gdb) r
Starting program: /home/runner/IA2-Test1-Session2/a.out 
warning: Error disabling address space randomization: Operation not permitted

Breakpoint 1, main () at p2final.c:30
30    x=input();
(gdb) n
Enter side length: 5
31    y=input();
(gdb) n
Enter side length: 5
32    z=input();
(gdb) s
input () at p2final.c:4
4   {
(gdb) n
6     printf("Enter side length: ");
(gdb) n
7     scanf("%d",&l);
(gdb) n
Enter side length: 6
8     return l;
(gdb) p l
$1 = 6
(gdb) n
9   }
(gdb) n
main () at p2final.c:33
33    k=check_scalene(x,y,z);
(gdb) s
check_scalene (a=5, b=5, c=6) at p2final.c:13
13    if((a!=b) && (b!=c) && (a!=c))
(gdb) n
16    return 1;
(gdb) p a
$2 = 5
(gdb) p c
$3 = 6
(gdb) n
17  }
(gdb) n
main () at p2final.c:34
34    output(x,y,z,k);
(gdb) n
The triangle with sides: 5, 5 and 6 is not scalene
35  }(gdb) c
Continuing.
[Inferior 1 (process 35) exited normally]
(gdb) 